// Jest Snapshot v1, https://goo.gl/fbAQLP

exports[`<Grid /> renders a correct 5*5 grid 1`] = `
<div
  className="sc-bdVaJa gpMMOX"
  cols={5}
  rows={5}
>
  <div
    className="sc-bwzfXH iQsHqK"
    onClick={[Function]}
  >
    -
  </div>
  <div
    className="sc-bwzfXH iQsHqK"
    onClick={[Function]}
  >
    -
  </div>
  <div
    className="sc-bwzfXH iQsHqK"
    onClick={[Function]}
  >
    -
  </div>
  <div
    className="sc-bwzfXH iQsHqK"
    onClick={[Function]}
  >
    -
  </div>
  <div
    className="sc-bwzfXH iQsHqK"
    onClick={[Function]}
  >
    -
  </div>
  <div
    className="sc-bwzfXH iQsHqK"
    onClick={[Function]}
  >
    -
  </div>
  <div
    className="sc-bwzfXH iQsHqK"
    onClick={[Function]}
  >
    -
  </div>
  <div
    className="sc-bwzfXH iQsHqK"
    onClick={[Function]}
  >
    -
  </div>
  <div
    className="sc-bwzfXH iQsHqK"
    onClick={[Function]}
  >
    -
  </div>
  <div
    className="sc-bwzfXH iQsHqK"
    onClick={[Function]}
  >
    -
  </div>
  <div
    className="sc-bwzfXH iQsHqK"
    onClick={[Function]}
  >
    -
  </div>
  <div
    className="sc-bwzfXH iQsHqK"
    onClick={[Function]}
  >
    -
  </div>
  <div
    className="sc-bwzfXH iQsHqK"
    onClick={[Function]}
  >
    -
  </div>
  <div
    className="sc-bwzfXH iQsHqK"
    onClick={[Function]}
  >
    -
  </div>
  <div
    className="sc-bwzfXH iQsHqK"
    onClick={[Function]}
  >
    -
  </div>
  <div
    className="sc-bwzfXH iQsHqK"
    onClick={[Function]}
  >
    -
  </div>
  <div
    className="sc-bwzfXH iQsHqK"
    onClick={[Function]}
  >
    -
  </div>
  <div
    className="sc-bwzfXH iQsHqK"
    onClick={[Function]}
  >
    -
  </div>
  <div
    className="sc-bwzfXH iQsHqK"
    onClick={[Function]}
  >
    -
  </div>
  <div
    className="sc-bwzfXH iQsHqK"
    onClick={[Function]}
  >
    -
  </div>
  <div
    className="sc-bwzfXH iQsHqK"
    onClick={[Function]}
  >
    -
  </div>
  <div
    className="sc-bwzfXH iQsHqK"
    onClick={[Function]}
  >
    -
  </div>
  <div
    className="sc-bwzfXH iQsHqK"
    onClick={[Function]}
  >
    -
  </div>
  <div
    className="sc-bwzfXH iQsHqK"
    onClick={[Function]}
  >
    -
  </div>
  <div
    className="sc-bwzfXH iQsHqK"
    onClick={[Function]}
  >
    -
  </div>
</div>
`;
